// Jest Snapshot v1, https://goo.gl/fbAQLP

exports[`MenuButton matches snapshot 1`] = `
<div
  className="sc-aYaIB VyKKR"
>
  <button
    className="sc-gEvDqW owOns"
    onClick={[Function]}
  >
    <img
      alt="Open menu"
      className="sc-eqUzNf cnDHTq open"
      src="burger-menu.svg"
    />
  </button>
</div>
`;
