// Jest Snapshot v1, https://goo.gl/fbAQLP

exports[`ContactButton matches snapshot 1`] = `
<button
  className="sc-aYaIB koDWfZ"
  data-testid="contact-button"
  onClick={[Function]}
>
  <div>
    the button
  </div>
  <img
    alt="A black and white arrow"
    className="sc-gEvDqW dTdWeV"
    src="arrow-icon.svg"
  />
</button>
`;
